// Jest Snapshot v1, https://goo.gl/fbAQLP

exports[`Selected Elements component renders a list of selected element details: selected elements 1`] = `
<ul
  class="flex flex-col gap-y-3 grow min-h-0 overflow-y-auto"
>
  <li
    class="border-b border-whiteSmoke-800"
  >
    <button
      aria-label="East Cowes 132/33kV Substation"
      class="pb-3 text-left"
    >
      <div
        class="grid gap-y-1"
      >
        <div
          class="asset__details"
        >
          <div
            aria-label="HighVoltageElectricitySubstationComplex"
            class="MuiAvatar-root MuiAvatar-circular MuiAvatar-colorDefault css-zd96tt-MuiAvatar-root"
          >
            <i
              class="fa-solid fa-utility-pole-double"
              title="HighVoltageElectricitySubstationComplex-icon"
            />
          </div>
          <div>
            <h2
              class="text-lg font-medium"
            >
              East Cowes 132/33kV Substation
            </h2>
            <p
              class="text-sm uppercase"
            >
              high voltage electricity substation complex
            </p>
            <p>
              E003
            </p>
          </div>
        </div>
      </div>
    </button>
  </li>
  <li
    class="border-b border-whiteSmoke-800"
  >
    <button
      aria-label="East Cowes Power Station"
      class="pb-3 text-left"
    >
      <div
        class="grid gap-y-1"
      >
        <div
          class="asset__details"
        >
          <div
            aria-label="OilFiredPowerGenerationComplex"
            class="MuiAvatar-root MuiAvatar-circular MuiAvatar-colorDefault css-zd96tt-MuiAvatar-root"
          >
            <i
              class="fa-regular fa-bolt-lightning"
              title="OilFiredPowerGenerationComplex-icon"
            />
          </div>
          <div>
            <h2
              class="text-lg font-medium"
            >
              East Cowes Power Station
            </h2>
            <p
              class="text-sm uppercase"
            >
              oil fired power generation complex
            </p>
            <p>
              E001
            </p>
          </div>
        </div>
      </div>
    </button>
  </li>
  <li
    class="border-b border-whiteSmoke-800"
  >
    <button
      aria-label="East Cowes Power Station - East Cowes 132/33kV Substation"
      class="pb-3 text-left"
    >
      <div
        class="grid gap-y-1"
      >
        <div
          class="asset__details"
        >
          <span
            class="flex items-center justify-center w-12 h-12"
            id="dependent-icon"
            style="width: 1rem; height: 0.125rem; background-color: rgb(251, 55, 55);"
          />
          <div>
            <h2
              class="text-lg font-medium"
            >
              East Cowes Power Station - East Cowes 132/33kV Substation
            </h2>
            <p>
              E001 - E003
            </p>
          </div>
        </div>
      </div>
    </button>
  </li>
</ul>
`;
