// Jest Snapshot v1, https://goo.gl/fbAQLP

exports[`Selected Elements component renders a list of selected element details: selected elements 1`] = `
<ul
  class="gap-y-3"
>
  <li
    class="border-b border-whiteSmoke-800"
  >
    <button
      aria-label="East Cowes 132/33kV Substation"
      class="text-left pb-3"
    >
      <div
        class="grid gap-y-1"
      >
        <div
          class="asset__details"
        >
          <span
            class="w-12 h-12 flex items-center justify-center"
            id="asset-icon"
            style="border-radius: 9999px; background-color: rgb(39, 39, 39); color: rgb(242, 242, 242); border: 3px solid #f2f2f2;"
          >
            <span
              class="text-whiteSmoke"
            >
              Hig
            </span>
          </span>
          <div>
            <h2
              class="text-lg font-medium"
            >
              East Cowes 132/33kV Substation
            </h2>
            <p
              class="uppercase text-sm"
            >
              high voltage electricity substation complex
            </p>
            <p>
              E003
            </p>
          </div>
        </div>
      </div>
    </button>
  </li>
  <li
    class="border-b border-whiteSmoke-800"
  >
    <button
      aria-label="East Cowes Power Station"
      class="text-left pb-3"
    >
      <div
        class="grid gap-y-1"
      >
        <div
          class="asset__details"
        >
          <span
            class="w-12 h-12 flex items-center justify-center"
            id="asset-icon"
            style="border-radius: 9999px; background-color: rgb(39, 39, 39); color: rgb(242, 242, 242); border: 3px solid #f2f2f2;"
          >
            <span
              class="text-whiteSmoke"
            >
              Oil
            </span>
          </span>
          <div>
            <h2
              class="text-lg font-medium"
            >
              East Cowes Power Station
            </h2>
            <p
              class="uppercase text-sm"
            >
              oil fired power generation complex
            </p>
            <p>
              E001
            </p>
          </div>
        </div>
      </div>
    </button>
  </li>
  <li
    class="border-b border-whiteSmoke-800"
  >
    <button
      aria-label="East Cowes Power Station - East Cowes 132/33kV Substation"
      class="text-left pb-3"
    >
      <div
        class="grid gap-y-1"
      >
        <div
          class="asset__details"
        >
          <span
            class="w-12 h-12 flex items-center justify-center"
            id="asset-icon"
            style="width: 1rem; height: 0.125rem; background-color: rgb(251, 55, 55);"
          >
            <span />
          </span>
          <div>
            <h2
              class="text-lg font-medium"
            >
              East Cowes Power Station - East Cowes 132/33kV Substation
            </h2>
            <p>
              E001 - E003
            </p>
          </div>
        </div>
      </div>
    </button>
  </li>
</ul>
`;
