// Jest Snapshot v1, https://goo.gl/fbAQLP

exports[`GraphToolbar component renders all layout options: layout options 1`] = `
Array [
  <li
    class="whitespace-nowrap"
  >
    <button
      class="hover:bg-black-400 px-2 rounded-md w-full h-full bg-black-500"
    >
      Cola
    </button>
  </li>,
  <li
    class="whitespace-nowrap"
  >
    <button
      class="hover:bg-black-400 px-2 rounded-md w-full h-full"
    >
      Circle
    </button>
  </li>,
  <li
    class="whitespace-nowrap"
  >
    <button
      class="hover:bg-black-400 px-2 rounded-md w-full h-full"
    >
      Random
    </button>
  </li>,
  <li
    class="whitespace-nowrap"
  >
    <button
      class="hover:bg-black-400 px-2 rounded-md w-full h-full"
    >
      Breadth First
    </button>
  </li>,
  <li
    class="whitespace-nowrap"
  >
    <button
      class="hover:bg-black-400 px-2 rounded-md w-full h-full"
    >
      AVSDF
    </button>
  </li>,
  <li
    class="whitespace-nowrap"
  >
    <button
      class="hover:bg-black-400 px-2 rounded-md w-full h-full"
    >
      Dagre
    </button>
  </li>,
]
`;
