// Jest Snapshot v1, https://goo.gl/fbAQLP

exports[`DataFigures should populate assets and connections on checkbox select 1`] = `
Array [
  <div
    class="asset-id"
    id="E004"
    role="cell"
    style="position: sticky; left: 94px; background-color: black; overflow: hidden; grid-column-start: 4; grid-row-start: 2; grid-column-end: 4; grid-row-end: 2;"
    title="Wooton Common 132/33kV Substation"
  >
    Wooton Common 132/33kV Substation
  </div>,
  <div
    class="blank-entry"
    role="cell"
    style="grid-column-start: 5; grid-row-start: 2; grid-column-end: 5; grid-row-end: 2;"
  />,
  <div
    class="asset-id"
    role="cell"
    style="background-color: rgb(255, 0, 0); position: sticky; left: 50px; overflow: hidden; grid-column-start: 2; grid-row-start: 2; grid-column-end: 2; grid-row-end: 2;"
  >
    1
  </div>,
  <div
    class="asset-id"
    role="cell"
    style="background-color: rgb(255, 0, 0); position: sticky; left: 72px; overflow: hidden; grid-column-start: 3; grid-row-start: 2; grid-column-end: 3; grid-row-end: 2;"
  >
    1
  </div>,
  <div
    class="asset-id"
    id="E018"
    role="cell"
    style="position: sticky; left: 94px; background-color: black; overflow: hidden; grid-column-start: 4; grid-row-start: 3; grid-column-end: 4; grid-row-end: 3;"
    title="Ryde St John rail 33kV Substation"
  >
    Ryde St John rail 33kV Substation
  </div>,
  <div
    class="blank-entry"
    role="cell"
    style="grid-column-start: 6; grid-row-start: 3; grid-column-end: 6; grid-row-end: 3;"
  />,
  <div
    class="asset-id"
    role="cell"
    style="background-color: rgb(255, 0, 0); position: sticky; left: 50px; overflow: hidden; grid-column-start: 2; grid-row-start: 3; grid-column-end: 2; grid-row-end: 3;"
  >
    1
  </div>,
  <div
    class="asset-id"
    role="cell"
    style="background-color: rgb(255, 0, 0); position: sticky; left: 72px; overflow: hidden; grid-column-start: 3; grid-row-start: 3; grid-column-end: 3; grid-row-end: 3;"
  >
    1
  </div>,
]
`;
